

================================================================
== Vitis HLS Report for 'ahrs_ip_top'
================================================================
* Date:           Sat Mar 14 19:16:18 2026

* Version:        2025.1 (Build 6135595 on May 21 2025)
* Project:        ahrs_ip_top
* Solution:       hls (Vivado IP Flow Target)
* Product family: zynq
* Target device:  xc7z010-clg400-1


================================================================
== Performance Estimates
================================================================
+ Timing: 
    * Summary: 
    +--------+----------+----------+------------+
    |  Clock |  Target  | Estimated| Uncertainty|
    +--------+----------+----------+------------+
    |ap_clk  |  10.00 ns|  7.286 ns|     2.70 ns|
    +--------+----------+----------+------------+

+ Latency: 
    * Summary: 
    +---------+---------+----------+----------+-----+-----+---------+
    |  Latency (cycles) |  Latency (absolute) |  Interval | Pipeline|
    |   min   |   max   |    min   |    max   | min | max |   Type  |
    +---------+---------+----------+----------+-----+-----+---------+
    |      135|      135|  1.350 us|  1.350 us|  136|  136|       no|
    +---------+---------+----------+----------+-----+-----+---------+

    + Detail: 
        * Instance: 
        +--------------------------------------------+---------------------------------+---------+---------+----------+----------+-----+-----+------------------------------------------------+
        |                                            |                                 |  Latency (cycles) |  Latency (absolute) |  Interval |                    Pipeline                    |
        |                  Instance                  |              Module             |   min   |   max   |    min   |    max   | min | max |                      Type                      |
        +--------------------------------------------+---------------------------------+---------+---------+----------+----------+-----+-----+------------------------------------------------+
        |grp_ahrs_ip_top_Pipeline_BATCH_LOOP_fu_202  |ahrs_ip_top_Pipeline_BATCH_LOOP  |      128|      128|  1.280 us|  1.280 us|   40|   40|  loop auto-rewind stp (delay=0 clock cycles(s))|
        +--------------------------------------------+---------------------------------+---------+---------+----------+----------+-----+-----+------------------------------------------------+

        * Loop: 
        N/A



================================================================
== Utilization Estimates
================================================================
* Summary: 
+-----------------+---------+-----+-------+-------+-----+
|       Name      | BRAM_18K| DSP |   FF  |  LUT  | URAM|
+-----------------+---------+-----+-------+-------+-----+
|DSP              |        -|    -|      -|      -|    -|
|Expression       |        -|    -|      0|   5552|    -|
|FIFO             |        -|    -|      -|      -|    -|
|Instance         |        -|  105|  15985|  33380|    -|
|Memory           |        -|    -|      -|      -|    -|
|Multiplexer      |        -|    -|      0|     94|    -|
|Register         |        -|    -|   1949|      -|    -|
+-----------------+---------+-----+-------+-------+-----+
|Total            |        0|  105|  17934|  39026|    0|
+-----------------+---------+-----+-------+-------+-----+
|Available        |      120|   80|  35200|  17600|    0|
+-----------------+---------+-----+-------+-------+-----+
|Utilization (%)  |        0|  131|     50|    221|    0|
+-----------------+---------+-----+-------+-------+-----+

+ Detail: 
    * Instance: 
    +--------------------------------------------+---------------------------------+---------+-----+-------+-------+-----+
    |                  Instance                  |              Module             | BRAM_18K| DSP |   FF  |  LUT  | URAM|
    +--------------------------------------------+---------------------------------+---------+-----+-------+-------+-----+
    |grp_ahrs_ip_top_Pipeline_BATCH_LOOP_fu_202  |ahrs_ip_top_Pipeline_BATCH_LOOP  |        0|  105|  15985|  33064|    0|
    |bitselect_1ns_54ns_6ns_1_1_1_U184           |bitselect_1ns_54ns_6ns_1_1_1     |        0|    0|      0|     17|    0|
    |bitselect_1ns_54ns_6ns_1_1_1_U185           |bitselect_1ns_54ns_6ns_1_1_1     |        0|    0|      0|     17|    0|
    |bitselect_1ns_54ns_6ns_1_1_1_U186           |bitselect_1ns_54ns_6ns_1_1_1     |        0|    0|      0|     17|    0|
    |bitselect_1ns_54ns_6ns_1_1_1_U187           |bitselect_1ns_54ns_6ns_1_1_1     |        0|    0|      0|     17|    0|
    |bitselect_1ns_54ns_6ns_1_1_1_U188           |bitselect_1ns_54ns_6ns_1_1_1     |        0|    0|      0|     17|    0|
    |bitselect_1ns_54ns_6ns_1_1_1_U189           |bitselect_1ns_54ns_6ns_1_1_1     |        0|    0|      0|     17|    0|
    |bitselect_1ns_54ns_6ns_1_1_1_U190           |bitselect_1ns_54ns_6ns_1_1_1     |        0|    0|      0|     17|    0|
    |bitselect_1ns_54ns_6ns_1_1_1_U191           |bitselect_1ns_54ns_6ns_1_1_1     |        0|    0|      0|     17|    0|
    |fpext_32ns_64_2_no_dsp_1_U180               |fpext_32ns_64_2_no_dsp_1         |        0|    0|      0|      0|    0|
    |fpext_32ns_64_2_no_dsp_1_U181               |fpext_32ns_64_2_no_dsp_1         |        0|    0|      0|      0|    0|
    |fpext_32ns_64_2_no_dsp_1_U182               |fpext_32ns_64_2_no_dsp_1         |        0|    0|      0|      0|    0|
    |fpext_32ns_64_2_no_dsp_1_U183               |fpext_32ns_64_2_no_dsp_1         |        0|    0|      0|      0|    0|
    |sparsemux_7_2_1_1_1_U193                    |sparsemux_7_2_1_1_1              |        0|    0|      0|      9|    0|
    |sparsemux_7_2_1_1_1_U194                    |sparsemux_7_2_1_1_1              |        0|    0|      0|      9|    0|
    |sparsemux_7_2_1_1_1_U196                    |sparsemux_7_2_1_1_1              |        0|    0|      0|      9|    0|
    |sparsemux_7_2_1_1_1_U197                    |sparsemux_7_2_1_1_1              |        0|    0|      0|      9|    0|
    |sparsemux_7_2_1_1_1_U199                    |sparsemux_7_2_1_1_1              |        0|    0|      0|      9|    0|
    |sparsemux_7_2_1_1_1_U200                    |sparsemux_7_2_1_1_1              |        0|    0|      0|      9|    0|
    |sparsemux_7_2_1_1_1_U202                    |sparsemux_7_2_1_1_1              |        0|    0|      0|      9|    0|
    |sparsemux_7_2_1_1_1_U203                    |sparsemux_7_2_1_1_1              |        0|    0|      0|      9|    0|
    |sparsemux_7_2_1_1_1_U204                    |sparsemux_7_2_1_1_1              |        0|    0|      0|      9|    0|
    |sparsemux_7_2_1_1_1_U206                    |sparsemux_7_2_1_1_1              |        0|    0|      0|      9|    0|
    |sparsemux_7_2_1_1_1_U208                    |sparsemux_7_2_1_1_1              |        0|    0|      0|      9|    0|
    |sparsemux_7_2_1_1_1_U210                    |sparsemux_7_2_1_1_1              |        0|    0|      0|      9|    0|
    |sparsemux_7_2_29_1_1_U192                   |sparsemux_7_2_29_1_1             |        0|    0|      0|      9|    0|
    |sparsemux_7_2_29_1_1_U195                   |sparsemux_7_2_29_1_1             |        0|    0|      0|      9|    0|
    |sparsemux_7_2_29_1_1_U198                   |sparsemux_7_2_29_1_1             |        0|    0|      0|      9|    0|
    |sparsemux_7_2_29_1_1_U201                   |sparsemux_7_2_29_1_1             |        0|    0|      0|      9|    0|
    |sparsemux_7_2_29_1_1_U205                   |sparsemux_7_2_29_1_1             |        0|    0|      0|      9|    0|
    |sparsemux_7_2_29_1_1_U207                   |sparsemux_7_2_29_1_1             |        0|    0|      0|      9|    0|
    |sparsemux_7_2_29_1_1_U209                   |sparsemux_7_2_29_1_1             |        0|    0|      0|      9|    0|
    |sparsemux_7_2_29_1_1_U211                   |sparsemux_7_2_29_1_1             |        0|    0|      0|      9|    0|
    +--------------------------------------------+---------------------------------+---------+-----+-------+-------+-----+
    |Total                                       |                                 |        0|  105|  15985|  33380|    0|
    +--------------------------------------------+---------------------------------+---------+-----+-------+-------+-----+

    * DSP: 
    N/A

    * Memory: 
    N/A

    * FIFO: 
    N/A

    * Expression: 
    +------------------------------------+----------+----+---+-----+------------+------------+
    |            Variable Name           | Operation| DSP| FF| LUT | Bitwidth P0| Bitwidth P1|
    +------------------------------------+----------+----+---+-----+------------+------------+
    |add_ln113_1_fu_398_p2               |         +|   0|  0|   12|          12|           6|
    |add_ln113_3_fu_1351_p2              |         +|   0|  0|   36|          29|          29|
    |add_ln113_4_fu_947_p2               |         +|   0|  0|   12|          12|          12|
    |add_ln113_5_fu_446_p2               |         +|   0|  0|   12|          12|           2|
    |add_ln113_6_fu_969_p2               |         +|   0|  0|   12|          12|           2|
    |add_ln113_fu_898_p2                 |         +|   0|  0|   12|          12|          11|
    |add_ln114_1_fu_536_p2               |         +|   0|  0|   12|          12|           6|
    |add_ln114_3_fu_1604_p2              |         +|   0|  0|   36|          29|          29|
    |add_ln114_4_fu_1051_p2              |         +|   0|  0|   12|          12|          12|
    |add_ln114_5_fu_584_p2               |         +|   0|  0|   12|          12|           2|
    |add_ln114_6_fu_1073_p2              |         +|   0|  0|   12|          12|           2|
    |add_ln114_fu_1002_p2                |         +|   0|  0|   12|          12|          11|
    |add_ln115_1_fu_674_p2               |         +|   0|  0|   12|          12|           6|
    |add_ln115_3_fu_1857_p2              |         +|   0|  0|   36|          29|          29|
    |add_ln115_4_fu_1155_p2              |         +|   0|  0|   12|          12|          12|
    |add_ln115_5_fu_722_p2               |         +|   0|  0|   12|          12|           2|
    |add_ln115_6_fu_1177_p2              |         +|   0|  0|   12|          12|           2|
    |add_ln115_fu_1106_p2                |         +|   0|  0|   12|          12|          11|
    |add_ln116_1_fu_812_p2               |         +|   0|  0|   12|          12|           6|
    |add_ln116_3_fu_2110_p2              |         +|   0|  0|   36|          29|          29|
    |add_ln116_4_fu_1259_p2              |         +|   0|  0|   12|          12|          12|
    |add_ln116_5_fu_860_p2               |         +|   0|  0|   12|          12|           2|
    |add_ln116_6_fu_1281_p2              |         +|   0|  0|   12|          12|           2|
    |add_ln116_fu_1210_p2                |         +|   0|  0|   12|          12|          11|
    |tmp_305_fu_438_p2                   |         +|   0|  0|   14|           6|           6|
    |tmp_313_fu_576_p2                   |         +|   0|  0|   14|           6|           6|
    |tmp_321_fu_714_p2                   |         +|   0|  0|   14|           6|           6|
    |tmp_329_fu_852_p2                   |         +|   0|  0|   14|           6|           6|
    |sub_ln113_1_fu_378_p2               |         -|   0|  0|   12|          11|          12|
    |sub_ln113_2_fu_408_p2               |         -|   0|  0|   12|           5|          11|
    |sub_ln113_fu_360_p2                 |         -|   0|  0|   61|           1|          54|
    |sub_ln114_1_fu_516_p2               |         -|   0|  0|   12|          11|          12|
    |sub_ln114_2_fu_546_p2               |         -|   0|  0|   12|           5|          11|
    |sub_ln114_fu_498_p2                 |         -|   0|  0|   61|           1|          54|
    |sub_ln115_1_fu_654_p2               |         -|   0|  0|   12|          11|          12|
    |sub_ln115_2_fu_684_p2               |         -|   0|  0|   12|           5|          11|
    |sub_ln115_fu_636_p2                 |         -|   0|  0|   61|           1|          54|
    |sub_ln116_1_fu_792_p2               |         -|   0|  0|   12|          11|          12|
    |sub_ln116_2_fu_822_p2               |         -|   0|  0|   12|           5|          11|
    |sub_ln116_fu_774_p2                 |         -|   0|  0|   61|           1|          54|
    |Range1_all_ones_2_i1_fu_1781_p2     |       and|   0|  0|    2|           1|           1|
    |Range1_all_ones_2_i2_fu_2034_p2     |       and|   0|  0|    2|           1|           1|
    |Range1_all_ones_2_i3_fu_2287_p2     |       and|   0|  0|    2|           1|           1|
    |Range1_all_ones_2_i_fu_1528_p2      |       and|   0|  0|    2|           1|           1|
    |Range1_all_zeros_2_i1_fu_1800_p2    |       and|   0|  0|    2|           1|           1|
    |Range1_all_zeros_2_i2_fu_2053_p2    |       and|   0|  0|    2|           1|           1|
    |Range1_all_zeros_2_i3_fu_2306_p2    |       and|   0|  0|    2|           1|           1|
    |Range1_all_zeros_2_i_fu_1547_p2     |       and|   0|  0|    2|           1|           1|
    |and_ln113_10_fu_1406_p2             |       and|   0|  0|    2|           1|           1|
    |and_ln113_11_fu_1514_p2             |       and|   0|  0|    2|           1|           1|
    |and_ln113_12_fu_2371_p2             |       and|   0|  0|    2|           1|           1|
    |and_ln113_13_fu_2409_p2             |       and|   0|  0|    2|           1|           1|
    |and_ln113_14_fu_2466_p2             |       and|   0|  0|    2|           1|           1|
    |and_ln113_15_fu_2472_p2             |       and|   0|  0|    2|           1|           1|
    |and_ln113_2_fu_1466_p2              |       and|   0|  0|    2|           1|           1|
    |and_ln113_5_fu_2339_p2              |       and|   0|  0|    2|           1|           1|
    |and_ln113_6_fu_2350_p2              |       and|   0|  0|    2|           1|           1|
    |and_ln113_7_fu_2424_p2              |       and|   0|  0|    2|           1|           1|
    |and_ln113_8_fu_2430_p2              |       and|   0|  0|    2|           1|           1|
    |and_ln113_9_fu_2441_p2              |       and|   0|  0|    2|           1|           1|
    |and_ln113_fu_1375_p2                |       and|   0|  0|    2|           1|           1|
    |and_ln114_10_fu_1659_p2             |       and|   0|  0|    2|           1|           1|
    |and_ln114_11_fu_1767_p2             |       and|   0|  0|    2|           1|           1|
    |and_ln114_12_fu_2549_p2             |       and|   0|  0|    2|           1|           1|
    |and_ln114_13_fu_2587_p2             |       and|   0|  0|    2|           1|           1|
    |and_ln114_14_fu_2644_p2             |       and|   0|  0|    2|           1|           1|
    |and_ln114_15_fu_2650_p2             |       and|   0|  0|    2|           1|           1|
    |and_ln114_2_fu_1719_p2              |       and|   0|  0|    2|           1|           1|
    |and_ln114_5_fu_2517_p2              |       and|   0|  0|    2|           1|           1|
    |and_ln114_6_fu_2528_p2              |       and|   0|  0|    2|           1|           1|
    |and_ln114_7_fu_2602_p2              |       and|   0|  0|    2|           1|           1|
    |and_ln114_8_fu_2608_p2              |       and|   0|  0|    2|           1|           1|
    |and_ln114_9_fu_2619_p2              |       and|   0|  0|    2|           1|           1|
    |and_ln114_fu_1628_p2                |       and|   0|  0|    2|           1|           1|
    |and_ln115_10_fu_1912_p2             |       and|   0|  0|    2|           1|           1|
    |and_ln115_11_fu_2020_p2             |       and|   0|  0|    2|           1|           1|
    |and_ln115_12_fu_2727_p2             |       and|   0|  0|    2|           1|           1|
    |and_ln115_13_fu_2765_p2             |       and|   0|  0|    2|           1|           1|
    |and_ln115_14_fu_2822_p2             |       and|   0|  0|    2|           1|           1|
    |and_ln115_15_fu_2828_p2             |       and|   0|  0|    2|           1|           1|
    |and_ln115_2_fu_1972_p2              |       and|   0|  0|    2|           1|           1|
    |and_ln115_5_fu_2695_p2              |       and|   0|  0|    2|           1|           1|
    |and_ln115_6_fu_2706_p2              |       and|   0|  0|    2|           1|           1|
    |and_ln115_7_fu_2780_p2              |       and|   0|  0|    2|           1|           1|
    |and_ln115_8_fu_2786_p2              |       and|   0|  0|    2|           1|           1|
    |and_ln115_9_fu_2797_p2              |       and|   0|  0|    2|           1|           1|
    |and_ln115_fu_1881_p2                |       and|   0|  0|    2|           1|           1|
    |and_ln116_10_fu_2165_p2             |       and|   0|  0|    2|           1|           1|
    |and_ln116_11_fu_2273_p2             |       and|   0|  0|    2|           1|           1|
    |and_ln116_12_fu_2905_p2             |       and|   0|  0|    2|           1|           1|
    |and_ln116_13_fu_2943_p2             |       and|   0|  0|    2|           1|           1|
    |and_ln116_14_fu_3000_p2             |       and|   0|  0|    2|           1|           1|
    |and_ln116_15_fu_3006_p2             |       and|   0|  0|    2|           1|           1|
    |and_ln116_2_fu_2225_p2              |       and|   0|  0|    2|           1|           1|
    |and_ln116_5_fu_2873_p2              |       and|   0|  0|    2|           1|           1|
    |and_ln116_6_fu_2884_p2              |       and|   0|  0|    2|           1|           1|
    |and_ln116_7_fu_2958_p2              |       and|   0|  0|    2|           1|           1|
    |and_ln116_8_fu_2964_p2              |       and|   0|  0|    2|           1|           1|
    |and_ln116_9_fu_2975_p2              |       and|   0|  0|    2|           1|           1|
    |and_ln116_fu_2134_p2                |       and|   0|  0|    2|           1|           1|
    |carry_1_i7743_fu_1665_p2            |       and|   0|  0|    2|           1|           1|
    |carry_1_i7871_fu_1918_p2            |       and|   0|  0|    2|           1|           1|
    |carry_1_i7999_fu_2171_p2            |       and|   0|  0|    2|           1|           1|
    |carry_1_i_fu_1412_p2                |       and|   0|  0|    2|           1|           1|
    |lD_0_i7759_fu_1078_p2               |       and|   0|  0|    2|           1|           1|
    |lD_0_i7887_fu_1182_p2               |       and|   0|  0|    2|           1|           1|
    |lD_0_i8015_fu_1286_p2               |       and|   0|  0|    2|           1|           1|
    |lD_0_i_fu_974_p2                    |       and|   0|  0|    2|           1|           1|
    |neg_src_0_i1_fu_2561_p2             |       and|   0|  0|    2|           1|           1|
    |neg_src_0_i2_fu_2739_p2             |       and|   0|  0|    2|           1|           1|
    |neg_src_0_i3_fu_2917_p2             |       and|   0|  0|    2|           1|           1|
    |neg_src_0_i_fu_2383_p2              |       and|   0|  0|    2|           1|           1|
    |ashr_ln113_fu_923_p2                |      ashr|   0|  0|  161|          54|          54|
    |ashr_ln114_fu_1027_p2               |      ashr|   0|  0|  161|          54|          54|
    |ashr_ln115_fu_1131_p2               |      ashr|   0|  0|  161|          54|          54|
    |ashr_ln116_fu_1235_p2               |      ashr|   0|  0|  161|          54|          54|
    |icmp_ln113_10_fu_1436_p2            |      icmp|   0|  0|   12|          12|           6|
    |icmp_ln113_11_fu_1441_p2            |      icmp|   0|  0|   61|          54|          54|
    |icmp_ln113_12_fu_1482_p2            |      icmp|   0|  0|   61|          54|           1|
    |icmp_ln113_13_fu_1493_p2            |      icmp|   0|  0|   12|          12|           6|
    |icmp_ln113_14_fu_997_p2             |      icmp|   0|  0|   61|          54|           1|
    |icmp_ln113_1_fu_392_p2              |      icmp|   0|  0|   12|          12|           5|
    |icmp_ln113_2_fu_903_p2              |      icmp|   0|  0|   12|          12|           5|
    |icmp_ln113_3_fu_908_p2              |      icmp|   0|  0|   12|          11|           6|
    |icmp_ln113_4_fu_426_p2              |      icmp|   0|  0|   12|          12|           6|
    |icmp_ln113_5_fu_1314_p2             |      icmp|   0|  0|   12|          11|           5|
    |icmp_ln113_6_fu_963_p2              |      icmp|   0|  0|   12|          11|           1|
    |icmp_ln113_7_fu_456_p2              |      icmp|   0|  0|   12|          12|           6|
    |icmp_ln113_8_fu_470_p2              |      icmp|   0|  0|   12|          12|           6|
    |icmp_ln113_9_fu_1431_p2             |      icmp|   0|  0|   12|          12|           6|
    |icmp_ln113_fu_373_p2                |      icmp|   0|  0|   70|          63|           1|
    |icmp_ln114_10_fu_1689_p2            |      icmp|   0|  0|   12|          12|           6|
    |icmp_ln114_11_fu_1694_p2            |      icmp|   0|  0|   61|          54|          54|
    |icmp_ln114_12_fu_1735_p2            |      icmp|   0|  0|   61|          54|           1|
    |icmp_ln114_13_fu_1746_p2            |      icmp|   0|  0|   12|          12|           6|
    |icmp_ln114_14_fu_1101_p2            |      icmp|   0|  0|   61|          54|           1|
    |icmp_ln114_1_fu_530_p2              |      icmp|   0|  0|   12|          12|           5|
    |icmp_ln114_2_fu_1007_p2             |      icmp|   0|  0|   12|          12|           5|
    |icmp_ln114_3_fu_1012_p2             |      icmp|   0|  0|   12|          11|           6|
    |icmp_ln114_4_fu_564_p2              |      icmp|   0|  0|   12|          12|           6|
    |icmp_ln114_5_fu_1567_p2             |      icmp|   0|  0|   12|          11|           5|
    |icmp_ln114_6_fu_1067_p2             |      icmp|   0|  0|   12|          11|           1|
    |icmp_ln114_7_fu_594_p2              |      icmp|   0|  0|   12|          12|           6|
    |icmp_ln114_8_fu_608_p2              |      icmp|   0|  0|   12|          12|           6|
    |icmp_ln114_9_fu_1684_p2             |      icmp|   0|  0|   12|          12|           6|
    |icmp_ln114_fu_511_p2                |      icmp|   0|  0|   70|          63|           1|
    |icmp_ln115_10_fu_1942_p2            |      icmp|   0|  0|   12|          12|           6|
    |icmp_ln115_11_fu_1947_p2            |      icmp|   0|  0|   61|          54|          54|
    |icmp_ln115_12_fu_1988_p2            |      icmp|   0|  0|   61|          54|           1|
    |icmp_ln115_13_fu_1999_p2            |      icmp|   0|  0|   12|          12|           6|
    |icmp_ln115_14_fu_1205_p2            |      icmp|   0|  0|   61|          54|           1|
    |icmp_ln115_1_fu_668_p2              |      icmp|   0|  0|   12|          12|           5|
    |icmp_ln115_2_fu_1111_p2             |      icmp|   0|  0|   12|          12|           5|
    |icmp_ln115_3_fu_1116_p2             |      icmp|   0|  0|   12|          11|           6|
    |icmp_ln115_4_fu_702_p2              |      icmp|   0|  0|   12|          12|           6|
    |icmp_ln115_5_fu_1820_p2             |      icmp|   0|  0|   12|          11|           5|
    |icmp_ln115_6_fu_1171_p2             |      icmp|   0|  0|   12|          11|           1|
    |icmp_ln115_7_fu_732_p2              |      icmp|   0|  0|   12|          12|           6|
    |icmp_ln115_8_fu_746_p2              |      icmp|   0|  0|   12|          12|           6|
    |icmp_ln115_9_fu_1937_p2             |      icmp|   0|  0|   12|          12|           6|
    |icmp_ln115_fu_649_p2                |      icmp|   0|  0|   70|          63|           1|
    |icmp_ln116_10_fu_2195_p2            |      icmp|   0|  0|   12|          12|           6|
    |icmp_ln116_11_fu_2200_p2            |      icmp|   0|  0|   61|          54|          54|
    |icmp_ln116_12_fu_2241_p2            |      icmp|   0|  0|   61|          54|           1|
    |icmp_ln116_13_fu_2252_p2            |      icmp|   0|  0|   12|          12|           6|
    |icmp_ln116_14_fu_1309_p2            |      icmp|   0|  0|   61|          54|           1|
    |icmp_ln116_1_fu_806_p2              |      icmp|   0|  0|   12|          12|           5|
    |icmp_ln116_2_fu_1215_p2             |      icmp|   0|  0|   12|          12|           5|
    |icmp_ln116_3_fu_1220_p2             |      icmp|   0|  0|   12|          11|           6|
    |icmp_ln116_4_fu_840_p2              |      icmp|   0|  0|   12|          12|           6|
    |icmp_ln116_5_fu_2073_p2             |      icmp|   0|  0|   12|          11|           5|
    |icmp_ln116_6_fu_1275_p2             |      icmp|   0|  0|   12|          11|           1|
    |icmp_ln116_7_fu_870_p2              |      icmp|   0|  0|   12|          12|           6|
    |icmp_ln116_8_fu_884_p2              |      icmp|   0|  0|   12|          12|           6|
    |icmp_ln116_9_fu_2190_p2             |      icmp|   0|  0|   12|          12|           6|
    |icmp_ln116_fu_787_p2                |      icmp|   0|  0|   70|          63|           1|
    |lshr_ln113_1_fu_991_p2              |      lshr|   0|  0|  161|           2|          54|
    |lshr_ln113_fu_986_p2                |      lshr|   0|  0|  161|          54|          54|
    |lshr_ln114_1_fu_1095_p2             |      lshr|   0|  0|  161|           2|          54|
    |lshr_ln114_fu_1090_p2               |      lshr|   0|  0|  161|          54|          54|
    |lshr_ln115_1_fu_1199_p2             |      lshr|   0|  0|  161|           2|          54|
    |lshr_ln115_fu_1194_p2               |      lshr|   0|  0|  161|          54|          54|
    |lshr_ln116_1_fu_1303_p2             |      lshr|   0|  0|  161|           2|          54|
    |lshr_ln116_fu_1298_p2               |      lshr|   0|  0|  161|          54|          54|
    |Range1_all_zeros_2_i1_fu_1800_p6    |        or|   0|  0|    2|           1|           1|
    |Range1_all_zeros_2_i2_fu_2053_p6    |        or|   0|  0|    2|           1|           1|
    |Range1_all_zeros_2_i3_fu_2306_p6    |        or|   0|  0|    2|           1|           1|
    |Range1_all_zeros_2_i_fu_1547_p6     |        or|   0|  0|    2|           1|           1|
    |deleted_ones_0_i7805_fu_2543_p2     |        or|   0|  0|    2|           1|           1|
    |deleted_ones_0_i7933_fu_2721_p2     |        or|   0|  0|    2|           1|           1|
    |deleted_ones_0_i8061_fu_2899_p2     |        or|   0|  0|    2|           1|           1|
    |deleted_ones_0_i_fu_2365_p2         |        or|   0|  0|    2|           1|           1|
    |or_ln113_1_fu_2335_p2               |        or|   0|  0|    2|           1|           1|
    |or_ln113_2_fu_2414_p2               |        or|   0|  0|    2|           1|           1|
    |or_ln113_3_fu_2447_p2               |        or|   0|  0|    2|           1|           1|
    |or_ln113_4_fu_1509_p2               |        or|   0|  0|    2|           1|           1|
    |or_ln114_1_fu_2513_p2               |        or|   0|  0|    2|           1|           1|
    |or_ln114_2_fu_2592_p2               |        or|   0|  0|    2|           1|           1|
    |or_ln114_3_fu_2625_p2               |        or|   0|  0|    2|           1|           1|
    |or_ln114_4_fu_1762_p2               |        or|   0|  0|    2|           1|           1|
    |or_ln115_1_fu_2691_p2               |        or|   0|  0|    2|           1|           1|
    |or_ln115_2_fu_2770_p2               |        or|   0|  0|    2|           1|           1|
    |or_ln115_3_fu_2803_p2               |        or|   0|  0|    2|           1|           1|
    |or_ln115_4_fu_2015_p2               |        or|   0|  0|    2|           1|           1|
    |or_ln116_1_fu_2869_p2               |        or|   0|  0|    2|           1|           1|
    |or_ln116_2_fu_2948_p2               |        or|   0|  0|    2|           1|           1|
    |or_ln116_3_fu_2981_p2               |        or|   0|  0|    2|           1|           1|
    |or_ln116_4_fu_2268_p2               |        or|   0|  0|    2|           1|           1|
    |Range2_all_ones_1_i7772_fu_1711_p3  |    select|   0|  0|    2|           1|           1|
    |Range2_all_ones_1_i7900_fu_1964_p3  |    select|   0|  0|    2|           1|           1|
    |Range2_all_ones_1_i8028_fu_2217_p3  |    select|   0|  0|    2|           1|           1|
    |Range2_all_ones_1_i_fu_1458_p3      |    select|   0|  0|    2|           1|           1|
    |cond193_i7797_fu_2522_p3            |    select|   0|  0|    2|           1|           1|
    |cond193_i7925_fu_2700_p3            |    select|   0|  0|    2|           1|           1|
    |cond193_i8053_fu_2878_p3            |    select|   0|  0|    2|           1|           1|
    |cond193_i_fu_2344_p3                |    select|   0|  0|    2|           1|           1|
    |cond64_i7728_fu_1588_p3             |    select|   0|  0|    2|           1|           1|
    |cond64_i7856_fu_1841_p3             |    select|   0|  0|    2|           1|           1|
    |cond64_i7984_fu_2094_p3             |    select|   0|  0|    2|           1|           1|
    |cond64_i_fu_1335_p3                 |    select|   0|  0|    2|           1|           1|
    |q0_fu_2484_p4                       |    select|   0|  0|   30|           1|          28|
    |q1_fu_2662_p4                       |    select|   0|  0|   30|           1|          28|
    |q2_fu_2840_p4                       |    select|   0|  0|   30|           1|          28|
    |q3_ph_fu_3018_p4                    |    select|   0|  0|   30|           1|          28|
    |ref_tmp_i_i1_fu_1640_p6             |    select|   0|  0|   29|           1|          29|
    |ref_tmp_i_i3_fu_1893_p6             |    select|   0|  0|   29|           1|          29|
    |ref_tmp_i_i5_fu_2146_p6             |    select|   0|  0|   29|           1|          29|
    |ref_tmp_i_i_fu_1387_p6              |    select|   0|  0|   29|           1|          29|
    |select_ln113_1_fu_414_p3            |    select|   0|  0|   11|           1|          11|
    |select_ln113_2_fu_932_p3            |    select|   0|  0|   29|           1|          29|
    |select_ln113_4_fu_2330_p3           |    select|   0|  0|    2|           1|           1|
    |select_ln113_6_fu_913_p3            |    select|   0|  0|    2|           1|           2|
    |select_ln113_7_fu_940_p3            |    select|   0|  0|    2|           1|           2|
    |select_ln113_fu_366_p3              |    select|   0|  0|   54|           1|          54|
    |select_ln114_1_fu_552_p3            |    select|   0|  0|   11|           1|          11|
    |select_ln114_2_fu_1036_p3           |    select|   0|  0|   29|           1|          29|
    |select_ln114_4_fu_2508_p3           |    select|   0|  0|    2|           1|           1|
    |select_ln114_6_fu_1017_p3           |    select|   0|  0|    2|           1|           2|
    |select_ln114_7_fu_1044_p3           |    select|   0|  0|    2|           1|           2|
    |select_ln114_fu_504_p3              |    select|   0|  0|   54|           1|          54|
    |select_ln115_1_fu_690_p3            |    select|   0|  0|   11|           1|          11|
    |select_ln115_2_fu_1140_p3           |    select|   0|  0|   29|           1|          29|
    |select_ln115_4_fu_2686_p3           |    select|   0|  0|    2|           1|           1|
    |select_ln115_6_fu_1121_p3           |    select|   0|  0|    2|           1|           2|
    |select_ln115_7_fu_1148_p3           |    select|   0|  0|    2|           1|           2|
    |select_ln115_fu_642_p3              |    select|   0|  0|   54|           1|          54|
    |select_ln116_1_fu_828_p3            |    select|   0|  0|   11|           1|          11|
    |select_ln116_2_fu_1244_p3           |    select|   0|  0|   29|           1|          29|
    |select_ln116_4_fu_2864_p3           |    select|   0|  0|    2|           1|           1|
    |select_ln116_6_fu_1225_p3           |    select|   0|  0|    2|           1|           2|
    |select_ln116_7_fu_1252_p3           |    select|   0|  0|    2|           1|           2|
    |select_ln116_fu_780_p3              |    select|   0|  0|   54|           1|          54|
    |shl_ln113_fu_1322_p2                |       shl|   0|  0|   88|          29|          29|
    |shl_ln114_fu_1575_p2                |       shl|   0|  0|   88|          29|          29|
    |shl_ln115_fu_1828_p2                |       shl|   0|  0|   88|          29|          29|
    |shl_ln116_fu_2081_p2                |       shl|   0|  0|   88|          29|          29|
    |neg_src_0_i1_fu_2561_p4             |       xor|   0|  0|    2|           2|           1|
    |neg_src_0_i2_fu_2739_p4             |       xor|   0|  0|    2|           2|           1|
    |neg_src_0_i3_fu_2917_p4             |       xor|   0|  0|    2|           2|           1|
    |neg_src_0_i_fu_2383_p4              |       xor|   0|  0|    2|           2|           1|
    |not_icmp_ln113_71082_fu_2360_p2     |       xor|   0|  0|    2|           1|           2|
    |not_icmp_ln114_71090_fu_2538_p2     |       xor|   0|  0|    2|           1|           2|
    |not_icmp_ln115_71098_fu_2716_p2     |       xor|   0|  0|    2|           1|           2|
    |not_icmp_ln116_71106_fu_2894_p2     |       xor|   0|  0|    2|           1|           2|
    |xor_ln113_10_fu_1452_p2             |       xor|   0|  0|    2|           1|           2|
    |xor_ln113_11_fu_1503_p2             |       xor|   0|  0|    2|           1|           2|
    |xor_ln113_1_fu_1477_p2              |       xor|   0|  0|    2|           1|           2|
    |xor_ln113_2_fu_1370_p2              |       xor|   0|  0|    2|           1|           2|
    |xor_ln113_5_fu_2403_p2              |       xor|   0|  0|    2|           1|           2|
    |xor_ln113_6_fu_2419_p2              |       xor|   0|  0|    2|           1|           2|
    |xor_ln113_7_fu_2435_p2              |       xor|   0|  0|    2|           2|           1|
    |xor_ln113_8_fu_2461_p2              |       xor|   0|  0|    2|           1|           2|
    |xor_ln113_9_fu_1426_p2              |       xor|   0|  0|    2|           1|           2|
    |xor_ln113_fu_1364_p2                |       xor|   0|  0|    2|           1|           2|
    |xor_ln114_10_fu_1705_p2             |       xor|   0|  0|    2|           1|           2|
    |xor_ln114_11_fu_1756_p2             |       xor|   0|  0|    2|           1|           2|
    |xor_ln114_1_fu_1730_p2              |       xor|   0|  0|    2|           1|           2|
    |xor_ln114_2_fu_1623_p2              |       xor|   0|  0|    2|           1|           2|
    |xor_ln114_5_fu_2581_p2              |       xor|   0|  0|    2|           1|           2|
    |xor_ln114_6_fu_2597_p2              |       xor|   0|  0|    2|           1|           2|
    |xor_ln114_7_fu_2613_p2              |       xor|   0|  0|    2|           2|           1|
    |xor_ln114_8_fu_2639_p2              |       xor|   0|  0|    2|           1|           2|
    |xor_ln114_9_fu_1679_p2              |       xor|   0|  0|    2|           1|           2|
    |xor_ln114_fu_1617_p2                |       xor|   0|  0|    2|           1|           2|
    |xor_ln115_10_fu_1958_p2             |       xor|   0|  0|    2|           1|           2|
    |xor_ln115_11_fu_2009_p2             |       xor|   0|  0|    2|           1|           2|
    |xor_ln115_1_fu_1983_p2              |       xor|   0|  0|    2|           1|           2|
    |xor_ln115_2_fu_1876_p2              |       xor|   0|  0|    2|           1|           2|
    |xor_ln115_5_fu_2759_p2              |       xor|   0|  0|    2|           1|           2|
    |xor_ln115_6_fu_2775_p2              |       xor|   0|  0|    2|           1|           2|
    |xor_ln115_7_fu_2791_p2              |       xor|   0|  0|    2|           2|           1|
    |xor_ln115_8_fu_2817_p2              |       xor|   0|  0|    2|           1|           2|
    |xor_ln115_9_fu_1932_p2              |       xor|   0|  0|    2|           1|           2|
    |xor_ln115_fu_1870_p2                |       xor|   0|  0|    2|           1|           2|
    |xor_ln116_10_fu_2211_p2             |       xor|   0|  0|    2|           1|           2|
    |xor_ln116_11_fu_2262_p2             |       xor|   0|  0|    2|           1|           2|
    |xor_ln116_1_fu_2236_p2              |       xor|   0|  0|    2|           1|           2|
    |xor_ln116_2_fu_2129_p2              |       xor|   0|  0|    2|           1|           2|
    |xor_ln116_5_fu_2937_p2              |       xor|   0|  0|    2|           1|           2|
    |xor_ln116_6_fu_2953_p2              |       xor|   0|  0|    2|           1|           2|
    |xor_ln116_7_fu_2969_p2              |       xor|   0|  0|    2|           2|           1|
    |xor_ln116_8_fu_2995_p2              |       xor|   0|  0|    2|           1|           2|
    |xor_ln116_9_fu_2185_p2              |       xor|   0|  0|    2|           1|           2|
    |xor_ln116_fu_2123_p2                |       xor|   0|  0|    2|           1|           2|
    +------------------------------------+----------+----+---+-----+------------+------------+
    |Total                               |          |   0|  0| 5552|        2616|        2624|
    +------------------------------------+----------+----+---+-----+------------+------------+

    * Multiplexer: 
    +---------------+----+-----------+-----+-----------+
    |      Name     | LUT| Input Size| Bits| Total Bits|
    +---------------+----+-----------+-----+-----------+
    |ap_NS_fsm      |  48|          9|    1|          9|
    |grp_fu_218_ce  |   9|          2|    1|          2|
    |grp_fu_218_p0  |  14|          3|   32|         96|
    |grp_fu_222_ce  |   9|          2|    1|          2|
    |grp_fu_222_p0  |  14|          3|   32|         96|
    +---------------+----+-----------+-----+-----------+
    |Total          |  94|         19|   67|        205|
    +---------------+----+-----------+-----+-----------+

    * Register: 
    +---------------------------------------------------------+----+----+-----+-----------+
    |                           Name                          | FF | LUT| Bits| Const Bits|
    +---------------------------------------------------------+----+----+-----+-----------+
    |Range1_all_ones_2_i1_reg_3772                            |   1|   0|    1|          0|
    |Range1_all_ones_2_i2_reg_3813                            |   1|   0|    1|          0|
    |Range1_all_ones_2_i3_reg_3854                            |   1|   0|    1|          0|
    |Range1_all_ones_2_i_reg_3731                             |   1|   0|    1|          0|
    |Range1_all_zeros_2_i1_reg_3779                           |   1|   0|    1|          0|
    |Range1_all_zeros_2_i2_reg_3820                           |   1|   0|    1|          0|
    |Range1_all_zeros_2_i3_reg_3861                           |   1|   0|    1|          0|
    |Range1_all_zeros_2_i_reg_3738                            |   1|   0|    1|          0|
    |Range2_all_ones_1_i7772_reg_3762                         |   1|   0|    1|          0|
    |Range2_all_ones_1_i7900_reg_3803                         |   1|   0|    1|          0|
    |Range2_all_ones_1_i8028_reg_3844                         |   1|   0|    1|          0|
    |Range2_all_ones_1_i_reg_3721                             |   1|   0|    1|          0|
    |add_ln113_6_reg_3527                                     |  12|   0|   12|          0|
    |add_ln114_6_reg_3575                                     |  12|   0|   12|          0|
    |add_ln115_6_reg_3623                                     |  12|   0|   12|          0|
    |add_ln116_6_reg_3671                                     |  12|   0|   12|          0|
    |ap_CS_fsm                                                |   8|   0|    8|          0|
    |carry_1_i7743_reg_3748                                   |   1|   0|    1|          0|
    |carry_1_i7871_reg_3789                                   |   1|   0|    1|          0|
    |carry_1_i7999_reg_3830                                   |   1|   0|    1|          0|
    |carry_1_i_reg_3707                                       |   1|   0|    1|          0|
    |grp_ahrs_ip_top_Pipeline_BATCH_LOOP_fu_202_ap_start_reg  |   1|   0|    1|          0|
    |icmp_ln113_14_reg_3553                                   |   1|   0|    1|          0|
    |icmp_ln113_1_reg_3222                                    |   1|   0|    1|          0|
    |icmp_ln113_2_reg_3510                                    |   1|   0|    1|          0|
    |icmp_ln113_4_reg_3242                                    |   1|   0|    1|          0|
    |icmp_ln113_6_reg_3522                                    |   1|   0|    1|          0|
    |icmp_ln113_7_reg_3252                                    |   1|   0|    1|          0|
    |icmp_ln113_8_reg_3266                                    |   1|   0|    1|          0|
    |icmp_ln113_reg_3210                                      |   1|   0|    1|          0|
    |icmp_ln114_14_reg_3601                                   |   1|   0|    1|          0|
    |icmp_ln114_1_reg_3300                                    |   1|   0|    1|          0|
    |icmp_ln114_2_reg_3558                                    |   1|   0|    1|          0|
    |icmp_ln114_4_reg_3320                                    |   1|   0|    1|          0|
    |icmp_ln114_6_reg_3570                                    |   1|   0|    1|          0|
    |icmp_ln114_7_reg_3330                                    |   1|   0|    1|          0|
    |icmp_ln114_8_reg_3344                                    |   1|   0|    1|          0|
    |icmp_ln114_reg_3288                                      |   1|   0|    1|          0|
    |icmp_ln115_14_reg_3649                                   |   1|   0|    1|          0|
    |icmp_ln115_1_reg_3378                                    |   1|   0|    1|          0|
    |icmp_ln115_2_reg_3606                                    |   1|   0|    1|          0|
    |icmp_ln115_4_reg_3398                                    |   1|   0|    1|          0|
    |icmp_ln115_6_reg_3618                                    |   1|   0|    1|          0|
    |icmp_ln115_7_reg_3408                                    |   1|   0|    1|          0|
    |icmp_ln115_8_reg_3422                                    |   1|   0|    1|          0|
    |icmp_ln115_reg_3366                                      |   1|   0|    1|          0|
    |icmp_ln116_14_reg_3697                                   |   1|   0|    1|          0|
    |icmp_ln116_1_reg_3456                                    |   1|   0|    1|          0|
    |icmp_ln116_2_reg_3654                                    |   1|   0|    1|          0|
    |icmp_ln116_4_reg_3476                                    |   1|   0|    1|          0|
    |icmp_ln116_6_reg_3666                                    |   1|   0|    1|          0|
    |icmp_ln116_7_reg_3486                                    |   1|   0|    1|          0|
    |icmp_ln116_8_reg_3500                                    |   1|   0|    1|          0|
    |icmp_ln116_reg_3444                                      |   1|   0|    1|          0|
    |lD_0_i7759_reg_3583                                      |   1|   0|    1|          0|
    |lD_0_i7887_reg_3631                                      |   1|   0|    1|          0|
    |lD_0_i8015_reg_3679                                      |   1|   0|    1|          0|
    |lD_0_i_reg_3535                                          |   1|   0|    1|          0|
    |lshr_ln113_1_reg_3548                                    |  54|   0|   54|          0|
    |lshr_ln113_reg_3542                                      |  54|   0|   54|          0|
    |lshr_ln114_1_reg_3596                                    |  54|   0|   54|          0|
    |lshr_ln114_reg_3590                                      |  54|   0|   54|          0|
    |lshr_ln115_1_reg_3644                                    |  54|   0|   54|          0|
    |lshr_ln115_reg_3638                                      |  54|   0|   54|          0|
    |lshr_ln116_1_reg_3692                                    |  54|   0|   54|          0|
    |lshr_ln116_reg_3686                                      |  54|   0|   54|          0|
    |q0_reg_3866                                              |  29|   0|   29|          0|
    |q1_reg_3871                                              |  29|   0|   29|          0|
    |q2_reg_3876                                              |  29|   0|   29|          0|
    |q3_ph_reg_3881                                           |  29|   0|   29|          0|
    |ref_tmp_i_i1_reg_3743                                    |  29|   0|   29|          0|
    |ref_tmp_i_i3_reg_3784                                    |  29|   0|   29|          0|
    |ref_tmp_i_i5_reg_3825                                    |  29|   0|   29|          0|
    |ref_tmp_i_i_reg_3702                                     |  29|   0|   29|          0|
    |select_ln113_1_reg_3228                                  |  11|   0|   11|          0|
    |select_ln113_2_reg_3516                                  |  29|   0|   29|          0|
    |select_ln113_reg_3203                                    |  54|   0|   54|          0|
    |select_ln114_1_reg_3306                                  |  11|   0|   11|          0|
    |select_ln114_2_reg_3564                                  |  29|   0|   29|          0|
    |select_ln114_reg_3281                                    |  54|   0|   54|          0|
    |select_ln115_1_reg_3384                                  |  11|   0|   11|          0|
    |select_ln115_2_reg_3612                                  |  29|   0|   29|          0|
    |select_ln115_reg_3359                                    |  54|   0|   54|          0|
    |select_ln116_1_reg_3462                                  |  11|   0|   11|          0|
    |select_ln116_2_reg_3660                                  |  29|   0|   29|          0|
    |select_ln116_reg_3437                                    |  54|   0|   54|          0|
    |select_ln214_2_loc_fu_146                                |  32|   0|   32|          0|
    |select_ln217_2_loc_fu_134                                |  32|   0|   32|          0|
    |sub_ln113_1_reg_3216                                     |  12|   0|   12|          0|
    |sub_ln114_1_reg_3294                                     |  12|   0|   12|          0|
    |sub_ln115_1_reg_3372                                     |  12|   0|   12|          0|
    |sub_ln116_1_reg_3450                                     |  12|   0|   12|          0|
    |tmp_14_reg_3163                                          |  11|   0|   11|          0|
    |tmp_1_reg_3113                                           |  11|   0|   11|          0|
    |tmp_21_reg_3188                                          |  11|   0|   11|          0|
    |tmp_305_reg_3247                                         |   1|   0|    1|          0|
    |tmp_309_reg_3714                                         |   1|   0|    1|          0|
    |tmp_310_reg_3259                                         |   1|   0|    1|          0|
    |tmp_312_reg_3128                                         |   1|   0|    1|          0|
    |tmp_313_reg_3325                                         |   1|   0|    1|          0|
    |tmp_317_reg_3755                                         |   1|   0|    1|          0|
    |tmp_318_reg_3337                                         |   1|   0|    1|          0|
    |tmp_320_reg_3153                                         |   1|   0|    1|          0|
    |tmp_321_reg_3403                                         |   1|   0|    1|          0|
    |tmp_325_reg_3796                                         |   1|   0|    1|          0|
    |tmp_326_reg_3415                                         |   1|   0|    1|          0|
    |tmp_328_reg_3178                                         |   1|   0|    1|          0|
    |tmp_329_reg_3481                                         |   1|   0|    1|          0|
    |tmp_333_reg_3837                                         |   1|   0|    1|          0|
    |tmp_334_reg_3493                                         |   1|   0|    1|          0|
    |tmp_9_reg_3138                                           |  11|   0|   11|          0|
    |tmp_reg_3103                                             |   1|   0|    1|          0|
    |tobool134_i1_reg_3349                                    |   1|   0|    1|          0|
    |tobool134_i2_reg_3427                                    |   1|   0|    1|          0|
    |tobool134_i3_reg_3505                                    |   1|   0|    1|          0|
    |tobool134_i_reg_3271                                     |   1|   0|    1|          0|
    |trunc_ln113_1_reg_3118                                   |  52|   0|   52|          0|
    |trunc_ln113_5_reg_3236                                   |  29|   0|   29|          0|
    |trunc_ln113_reg_3098                                     |  63|   0|   63|          0|
    |trunc_ln114_1_reg_3143                                   |  52|   0|   52|          0|
    |trunc_ln114_5_reg_3314                                   |  29|   0|   29|          0|
    |trunc_ln114_reg_3123                                     |  63|   0|   63|          0|
    |trunc_ln115_1_reg_3168                                   |  52|   0|   52|          0|
    |trunc_ln115_5_reg_3392                                   |  29|   0|   29|          0|
    |trunc_ln115_reg_3148                                     |  63|   0|   63|          0|
    |trunc_ln116_1_reg_3193                                   |  52|   0|   52|          0|
    |trunc_ln116_5_reg_3470                                   |  29|   0|   29|          0|
    |trunc_ln116_reg_3173                                     |  63|   0|   63|          0|
    |xor_ln113_1_reg_3726                                     |   1|   0|    1|          0|
    |xor_ln114_1_reg_3767                                     |   1|   0|    1|          0|
    |xor_ln115_1_reg_3808                                     |   1|   0|    1|          0|
    |xor_ln116_1_reg_3849                                     |   1|   0|    1|          0|
    |zext_ln113_reg_3198                                      |  11|   0|   12|          1|
    |zext_ln114_reg_3276                                      |  11|   0|   12|          1|
    |zext_ln115_reg_3354                                      |  11|   0|   12|          1|
    |zext_ln116_reg_3432                                      |  11|   0|   12|          1|
    +---------------------------------------------------------+----+----+-----+-----------+
    |Total                                                    |1949|   0| 1953|          4|
    +---------------------------------------------------------+----+----+-----+-----------+



================================================================
== Interface
================================================================
* Summary: 
+-------------------+-----+-----+------------+--------------+--------------+
|     RTL Ports     | Dir | Bits|  Protocol  | Source Object|    C Type    |
+-------------------+-----+-----+------------+--------------+--------------+
|ap_clk             |   in|    1|  ap_ctrl_hs|   ahrs_ip_top|  return value|
|ap_rst             |   in|    1|  ap_ctrl_hs|   ahrs_ip_top|  return value|
|ap_start           |   in|    1|  ap_ctrl_hs|   ahrs_ip_top|  return value|
|ap_done            |  out|    1|  ap_ctrl_hs|   ahrs_ip_top|  return value|
|ap_idle            |  out|    1|  ap_ctrl_hs|   ahrs_ip_top|  return value|
|ap_ready           |  out|    1|  ap_ctrl_hs|   ahrs_ip_top|  return value|
|q0_in              |   in|   32|     ap_none|         q0_in|        scalar|
|q1_in              |   in|   32|     ap_none|         q1_in|        scalar|
|q2_in              |   in|   32|     ap_none|         q2_in|        scalar|
|q3_in              |   in|   32|     ap_none|         q3_in|        scalar|
|in_data_address0   |  out|    6|   ap_memory|       in_data|         array|
|in_data_ce0        |  out|    1|   ap_memory|       in_data|         array|
|in_data_q0         |   in|   32|   ap_memory|       in_data|         array|
|in_data_address1   |  out|    6|   ap_memory|       in_data|         array|
|in_data_ce1        |  out|    1|   ap_memory|       in_data|         array|
|in_data_q1         |   in|   32|   ap_memory|       in_data|         array|
|out_data_address0  |  out|    5|   ap_memory|      out_data|         array|
|out_data_ce0       |  out|    1|   ap_memory|      out_data|         array|
|out_data_we0       |  out|    1|   ap_memory|      out_data|         array|
|out_data_d0        |  out|   32|   ap_memory|      out_data|         array|
|out_data_address1  |  out|    5|   ap_memory|      out_data|         array|
|out_data_ce1       |  out|    1|   ap_memory|      out_data|         array|
|out_data_we1       |  out|    1|   ap_memory|      out_data|         array|
|out_data_d1        |  out|   32|   ap_memory|      out_data|         array|
|q0_out             |  out|   32|      ap_vld|        q0_out|       pointer|
|q0_out_ap_vld      |  out|    1|      ap_vld|        q0_out|       pointer|
|q1_out             |  out|   32|      ap_vld|        q1_out|       pointer|
|q1_out_ap_vld      |  out|    1|      ap_vld|        q1_out|       pointer|
|q2_out             |  out|   32|      ap_vld|        q2_out|       pointer|
|q2_out_ap_vld      |  out|    1|      ap_vld|        q2_out|       pointer|
|q3_out             |  out|   32|      ap_vld|        q3_out|       pointer|
|q3_out_ap_vld      |  out|    1|      ap_vld|        q3_out|       pointer|
+-------------------+-----+-----+------------+--------------+--------------+

